# Printing on the boundaries of the equation Navier_Stokes_phase_field of the problem pb
# Pressure drag exerted by the fluid=Integral(P*ndS) [N] if SI units used
#            Time         Gauche_X         Gauche_Y           Haut_X           Haut_Y            Bas_X            Bas_Y          Droit_X          Droit_Y
   7.00000000e-04  -2.15208713e+00   0.00000000e+00   0.00000000e+00   3.20086056e+00   0.00000000e+00  -4.74571573e-02   2.91561277e+00   0.00000000e+00
   1.40000000e-03  -6.97130604e+00   0.00000000e+00   0.00000000e+00   7.77985297e+00   0.00000000e+00  -4.58078628e+00   7.50844872e+00   0.00000000e+00
   2.10000000e-03  -4.45106770e+00   0.00000000e+00   0.00000000e+00   5.14446896e+00   0.00000000e+00  -1.92120552e+00   4.89164559e+00   0.00000000e+00
   3.50000000e-03  -2.83365675e+00   0.00000000e+00   0.00000000e+00   3.39326908e+00   0.00000000e+00  -1.59991090e-01   3.17421979e+00   0.00000000e+00
   4.20000000e-03  -2.77534796e+00   0.00000000e+00   0.00000000e+00   3.29282065e+00   0.00000000e+00  -6.54297812e-02   3.08795458e+00   0.00000000e+00
   5.60000000e-03  -2.82155207e+00   0.00000000e+00   0.00000000e+00   3.27796323e+00   0.00000000e+00  -8.16141622e-02   3.09775992e+00   0.00000000e+00
   6.30000000e-03  -2.83271403e+00   0.00000000e+00   0.00000000e+00   3.26320134e+00   0.00000000e+00  -9.23825947e-02   3.09515907e+00   0.00000000e+00
   7.00000000e-03  -2.83606773e+00   0.00000000e+00   0.00000000e+00   3.24307675e+00   0.00000000e+00  -1.03980939e-01   3.08688771e+00   0.00000000e+00
