# Printing on the boundaries of the equation Navier_Stokes_phase_field of the problem pb
# Momentum flow rate=Integral(rho*u*u*ndS) [N] if SI units used
#            Time         Gauche_X         Gauche_Y           Haut_X           Haut_Y            Bas_X            Bas_Y          Droit_X          Droit_Y          Total_X          Total_Y
   7.00000000e-04  -1.28212681e-06   0.00000000e+00   0.00000000e+00   1.84105466e-13   0.00000000e+00  -1.82552759e-12   3.75943898e-14   0.00000000e+00  -1.28212677e-06  -1.64142213e-12
   1.40000000e-03  -1.43635452e-06   0.00000000e+00   0.00000000e+00   7.40872066e-13   0.00000000e+00  -1.21261862e-11   2.84547333e-13   0.00000000e+00  -1.43635424e-06  -1.13853141e-11
   2.10000000e-03  -9.36802084e-07   0.00000000e+00   0.00000000e+00   1.46039040e-12   0.00000000e+00  -4.69722135e-11   7.75505738e-13   0.00000000e+00  -9.36801309e-07  -4.55118231e-11
   3.50000000e-03  -4.69295012e-07   0.00000000e+00   0.00000000e+00   3.07201757e-12   0.00000000e+00  -1.83083174e-10   2.07210209e-12   0.00000000e+00  -4.69292940e-07  -1.80011157e-10
   4.20000000e-03  -3.51109395e-07   0.00000000e+00   0.00000000e+00   3.92382672e-12   0.00000000e+00  -2.70508393e-10   2.77506215e-12   0.00000000e+00  -3.51106620e-07  -2.66584566e-10
   5.60000000e-03  -2.27461155e-07   0.00000000e+00   0.00000000e+00   5.66069259e-12   0.00000000e+00  -4.61400079e-10   4.18141947e-12   0.00000000e+00  -2.27456974e-07  -4.55739386e-10
   6.30000000e-03  -2.00997224e-07   0.00000000e+00   0.00000000e+00   6.55369209e-12   0.00000000e+00  -5.57760166e-10   4.86899736e-12   0.00000000e+00  -2.00992355e-07  -5.51206474e-10
   7.00000000e-03  -1.86162108e-07   0.00000000e+00   0.00000000e+00   7.46669475e-12   0.00000000e+00  -6.51978788e-10   5.54138832e-12   0.00000000e+00  -1.86156567e-07  -6.44512093e-10
