# Printing on the boundaries of the equation Navier_Stokes_phase_field of the problem pb
# Friction drag exerted by the fluid=Integral(-mu*grad(u)*ndS) [N] if SI units used
#            Time         Gauche_X         Gauche_Y           Haut_X           Haut_Y            Bas_X            Bas_Y          Droit_X          Droit_Y          Total_X          Total_Y
   7.00000000e-04  -2.54960888e-17   1.45079056e-03   1.59769639e-05  -7.02206195e-18  -5.90940601e-05  -3.00964868e-17   3.07833809e-17  -1.04982212e-05  -4.31170961e-05   1.44029234e-03
   1.40000000e-03  -4.13990000e-18   2.38625525e-03   3.61862510e-05   1.07725716e-17  -1.60513131e-04  -6.39671341e-18   2.41621244e-17  -2.92764472e-05  -1.24326880e-04   2.35697880e-03
   2.10000000e-03  -5.22808587e-18   2.76387488e-03   5.34730967e-05   5.49515272e-18  -3.00464922e-04  -6.08197449e-18   5.22317308e-17  -4.88647075e-05  -2.46991825e-04   2.71501017e-03
   3.50000000e-03  -5.65207880e-18   3.18213730e-03   8.01057223e-05  -9.84576540e-18  -5.58375070e-04   2.57498016e-18   5.00497475e-17  -8.10704154e-05  -4.78269347e-04   3.10106689e-03
   4.20000000e-03   1.21725914e-17   3.33080611e-03   9.12957733e-05  -1.85383748e-17  -6.67779485e-04   2.43056104e-18   3.11989498e-17  -9.43545434e-05  -5.76483712e-04   3.23645157e-03
   5.60000000e-03   3.62823916e-18   3.57686121e-03   1.11114997e-04  -2.49662961e-17  -8.55130106e-04  -9.04181201e-19  -3.45353067e-17  -1.16933349e-04  -7.44015109e-04   3.45992786e-03
   6.30000000e-03   8.43102185e-18   3.70015544e-03   1.20200187e-04  -3.69040344e-17  -9.35099338e-04   1.38522709e-17  -1.05988915e-16  -1.26696234e-04  -8.14899151e-04   3.57345921e-03
   7.00000000e-03   2.50404115e-19   3.83005907e-03   1.28891185e-04  -3.83403376e-17  -1.00729755e-03   5.83955102e-18  -1.15412818e-16  -1.35662043e-04  -8.78406369e-04   3.69439703e-03
